INFO         | Android emulator version 37.2.12.0 (build_id 16428233) (CL:N/A)
INFO         | Graphics backend: gfxstream
INFO         | Found systemPath /usr/local/lib/android/sdk/system-images/android-35/google_apis/x86_64/
INFO         | Saving last run QEMU version for the AVD to 2
INFO         | Increasing RAM size to 2560MB
INFO         | Guest GLES Driver: Auto (ext controls)
INFO         | emuglConfig_init: vulkan_mode_selected:swiftshader gles_mode_selected:swiftshader
INFO         | Checking system compatibility:
INFO         |   Checking: hasSufficientDiskSpace
INFO         |      Ok: Disk space requirements to run avd: `engineprobe` are met
INFO         |   Checking: hasSufficientHwGpu
INFO         |      Ok: Hardware GPU compatibility checks are not required
INFO         |   Checking: hasSufficientSystem
INFO         |      Ok: System requirements to run avd: `engineprobe` are met
WARNING      | Feature QuickbootFileBacked is disabled due to stability issues, if you really want that, the environment variable ANDROID_EMU_FORCE_QUICKBOOT_FILE_BACKED need to set to 1
INFO         | Storing crashdata in: /tmp/android-runner/emu-crash-37.2.12.db, detection is enabled for process: 2938
INFO         | Initializing gfxstream backend
INFO         | startOpenglesRendererImpl: gpu info
INFO         | 
INFO         | initIcdPaths: ICD set to 'swiftshader', using Swiftshader ICD
INFO         | Setting ICD filenames for the loader = /usr/local/lib/android/sdk/emulator/lib64/vulkan/vk_swiftshader_icd.json
INFO         | SharedLibrary::open for [/usr/local/lib/android/sdk/emulator/qemu/linux-x86_64/lib64/vulkan/libvulkan.so]
INFO         | SharedLibrary::open for [/usr/local/lib/android/sdk/emulator/qemu/linux-x86_64/lib64/vulkan/libvulkan.so.1]
INFO         | SharedLibrary::open for [/usr/local/lib/android/sdk/emulator/lib64/vulkan/libvulkan.so]
INFO         | Added library: /usr/local/lib/android/sdk/emulator/lib64/vulkan/libvulkan.so
INFO         | Selecting Vulkan device: SwiftShader Device (Subzero), Version: 1.3.0
INFO         | Using Vulkan externalMemoryMode: OpaqueFd for VkEmulation
INFO         | Format VK_FORMAT_G10X6_B10X6R10X6_2PLANE_422_UNORM_3PACK16 does not support YCbCr sampler conversion
INFO         | SharedLibrary::open for [libX11]
WARNING      | Could not open libX11.so, try libX11.so.6
INFO         | SharedLibrary::open for [libX11.so.6]
INFO         | SharedLibrary::open for [libX11-xcb]
WARNING      | Could not open libX11-xcb.so, try libX11-xcb.so.1
INFO         | SharedLibrary::open for [libX11-xcb.so.1]
INFO         | Initializing VkEmulation features:
INFO         |     glInteropSupported: false
INFO         |     useDeferredCommands: true
INFO         |     createResourceWithRequirements: true
INFO         |     useVulkanComposition: false
INFO         |     useVulkanNativeSwapchain: false
INFO         |     enable guestRenderDoc: false
INFO         |     ASTC LDR emulation mode: Gpu
INFO         |     enable ETC2 emulation: true
INFO         |     enable Ycbcr emulation: false
INFO         |     guestVulkanOnly: false
INFO         |     useDedicatedAllocations: false
INFO         |     guestVulkanMaxApiVersion: 1.3.0
INFO         |     enableProtectedMemoryEmulation: false
INFO         | Graphics Adapter Vendor Google (Google Inc.)
INFO         | Graphics Adapter Android Emulator OpenGL ES Translator (Google SwiftShader)
INFO         | Graphics API Version OpenGL ES 3.0 (OpenGL ES 3.0 SwiftShader 4.0.0.1)
INFO         | Graphics API Extensions GL_OES_EGL_sync GL_OES_EGL_image GL_OES_EGL_image_external GL_OES_depth24 GL_OES_depth32 GL_OES_element_index_uint GL_OES_texture_float GL_OES_texture_float_linear GL_OES_compressed_paletted_texture GL_OES_compressed_ETC1_RGB8_texture GL_OES_depth_texture GL_OES_texture_half_float GL_OES_texture_half_float_linear GL_OES_packed_depth_stencil GL_OES_vertex_half_float GL_OES_standard_derivatives GL_OES_texture_npot GL_OES_rgb8_rgba8 GL_EXT_color_buffer_float GL_EXT_color_buffer_half_float GL_EXT_texture_format_BGRA8888 GL_APPLE_texture_format_BGRA8888 
INFO         | Graphics Device Extensions N/A
INFO         | Disabling sparse binding feature support
INFO         | Sending adb public key [QAAAAAmWlmXHJ+azkSArVbCTg/HMxAYMdEvGw9n0cWhczp4XPjW8L3mS8498A8u4STEKaF1QjtG/FFIoaq3rRx+EvSN+m1RPDrtPbuEPqqBGYnmB/QnUIvRG23zp2cGiuo5aFtoAmyHwKAawgAtaCbX5oJblv5WWY+lsQv6VCRTAhRE0D6C+pGvP1x3SqQdTpbluy3uVOtP/+S0XECm9xBe0yFHFzE8HBY79pQuNrvnJ7XONSP8fbh+u0NCim6JZ+vVz5oghM+l11dn/r8L+D9lvQ8I38rlED8JeS6B0WcRU56iSyR0eUNf1+j5mt6zvhjLqPJE4RGSn6Qg0PkdRHxwh+y9+BD7DoVKXmmpE8Ia4xjaMBOiERE5kLJ3E2SqJxRgpUOI8zYStOOA4aiWK6rP+SsYYa0N6+bMOJme4ZdQCQpGdZrGo8cYRyq3btm+y/BK5rGLzrhY/9M6JMy7yP6XVlAwmbUWOTEgKHSdEqsSvqxQa6TepbRA7uQg0FuvaeWP9eY+q/ZWmi17P84iBO7tuJgXphb1qj0szyGiQ5uGhvGbt7J9oeon5MusbcXL18HmTQp/dBLCESPHpcFbD05CFXLDxI6tiepmRGTxBz/dDYqgG+K+hNsq5rZPiqIgGidlJpeSabulipK0inVT3aqE5E8C4h4fEE6Rmrep1S47OSPW/0HF2CwEAAQA= runner@unknown]
INFO         | Userspace boot properties:
INFO         |   androidboot.boot_devices=pci0000:00/0000:00:03.0 pci0000:00/0000:00:06.0
INFO         |   androidboot.dalvik.vm.heapsize=576m
INFO         |   androidboot.debug.hwui.renderer=skiagl
INFO         |   androidboot.debug.sf.nobootanimation=1
INFO         |   androidboot.hardware=ranchu
INFO         |   androidboot.hardware.gltransport=pipe
INFO         |   androidboot.hardware.vulkan=ranchu
INFO         |   androidboot.logcat=*:V
INFO         |   androidboot.opengles.version=196608
INFO         |   androidboot.qemu=1
INFO         |   androidboot.qemu.adb.pubkey=QAAAAAmWlmXHJ+azkSArVbCTg/HMxAYMdEvGw9n0cWhczp4XPjW8L3mS8498A8u4STEKaF1QjtG/FFIoaq3rRx+EvSN+m1RPDrtPbuEPqqBGYnmB/QnUIvRG23zp2cGiuo5aFtoAmyHwKAawgAtaCbX5oJblv5WWY+lsQv6VCRTAhRE0D6C+pGvP1x3SqQdTpbluy3uVOtP/+S0XECm9xBe0yFHFzE8HBY79pQuNrvnJ7XONSP8fbh+u0NCim6JZ+vVz5oghM+l11dn/r8L+D9lvQ8I38rlED8JeS6B0WcRU56iSyR0eUNf1+j5mt6zvhjLqPJE4RGSn6Qg0PkdRHxwh+y9+BD7DoVKXmmpE8Ia4xjaMBOiERE5kLJ3E2SqJxRgpUOI8zYStOOA4aiWK6rP+SsYYa0N6+bMOJme4ZdQCQpGdZrGo8cYRyq3btm+y/BK5rGLzrhY/9M6JMy7yP6XVlAwmbUWOTEgKHSdEqsSvqxQa6TepbRA7uQg0FuvaeWP9eY+q/ZWmi17P84iBO7tuJgXphb1qj0szyGiQ5uGhvGbt7J9oeon5MusbcXL18HmTQp/dBLCESPHpcFbD05CFXLDxI6tiepmRGTxBz/dDYqgG+K+hNsq5rZPiqIgGidlJpeSabulipK0inVT3aqE5E8C4h4fEE6Rmrep1S47OSPW/0HF2CwEAAQA= runner@unknown
INFO         |   androidboot.qemu.avd_name=engineprobe
INFO         |   androidboot.qemu.camera_hq_edge_processing=0
INFO         |   androidboot.qemu.camera_protocol_ver=1
INFO         |   androidboot.qemu.cpuvulkan.version=4206592
INFO         |   androidboot.qemu.gltransport.drawFlushInterval=800
INFO         |   androidboot.qemu.gltransport.name=pipe
INFO         |   androidboot.qemu.hwcodec.avcdec=2
INFO         |   androidboot.qemu.hwcodec.hevcdec=2
INFO         |   androidboot.qemu.hwcodec.vpxdec=2
INFO         |   androidboot.qemu.settings.system.screen_off_timeout=2147483647
INFO         |   androidboot.qemu.skin=320x640
INFO         |   androidboot.qemu.virtiowifi=1
INFO         |   androidboot.qemu.vsync=60
INFO         |   androidboot.serialno=EMULATOR37X2X12X0
INFO         |   androidboot.vbmeta.digest=b3271ba499104f4631ae3723913d5c12574e01715fce5b82d60beed097ead264
INFO         |   androidboot.vbmeta.hash_alg=sha256
INFO         |   androidboot.vbmeta.size=6720
INFO         |   androidboot.veritymode=enforcing
WARNING: cannnot unmap ptr 0x7fd293601000 as it is in the protected range from 0x7fd1f3600000 to 0x7fd293800000
INFO         | Monitoring duration of emulator setup.
INFO         | Successfully initialized netsim WiFi
INFO         | Activated packet streamer for bluetooth emulation
INFO         | Setting display: 0 configuration to: 320x640, dpi: 160x160 
INFO         | setDisplayActiveConfig: id:0, 320x640
INFO         | emulatorSetupEnvironment: Environment scene is not required
USER_INFO    | Emulator is performing a full startup. This may take upto two minutes, or more.
WARNING      | Failed to process .ini file /home/runner/work/yuanying-chat/yuanying-chat/work/gecko-sdk-validation/emulator-home/emu-update-last-check.ini for reading.
WARNING      | Failed to process .ini file /home/runner/work/yuanying-chat/yuanying-chat/work/gecko-sdk-validation/emulator-home/emu-update-last-check.ini for reading.
INFO         | Boot completed in 38183 ms
INFO         | Increasing screen off timeout, logcat buffer size to 2M.
